// Jest Snapshot v1, https://goo.gl/fbAQLP

exports[`Test Signup initial render should match the snapshot 1`] = `
Object {
  "asFragment": [Function],
  "baseElement": <body>
    <div
      id="chakra-toast-portal"
    >
      <ul
        id="chakra-toast-manager-top"
        style="position: fixed; z-index: 5500; pointer-events: none; display: flex; flex-direction: column; margin: 0px auto;"
      />
      <ul
        id="chakra-toast-manager-top-left"
        style="position: fixed; z-index: 5500; pointer-events: none; display: flex; flex-direction: column;"
      />
      <ul
        id="chakra-toast-manager-top-right"
        style="position: fixed; z-index: 5500; pointer-events: none; display: flex; flex-direction: column;"
      />
      <ul
        id="chakra-toast-manager-bottom-left"
        style="position: fixed; z-index: 5500; pointer-events: none; display: flex; flex-direction: column;"
      />
      <ul
        id="chakra-toast-manager-bottom"
        style="position: fixed; z-index: 5500; pointer-events: none; display: flex; flex-direction: column; margin: 0px auto;"
      />
      <ul
        id="chakra-toast-manager-bottom-right"
        style="position: fixed; z-index: 5500; pointer-events: none; display: flex; flex-direction: column;"
      />
    </div>
    <div>
      <div
        class="css-1wymqtv"
      >
        <div
          class="css-15fkesf"
        >
          <div
            class="css-405dd"
          >
            <p
              class="chakra-text css-0"
            >
              Creating content
            </p>
            <p
              class="chakra-text css-0"
            >
              has never been more
            </p>
            <p
              class="chakra-text css-0"
            >
              rewarding
            </p>
          </div>
        </div>
        <div
          class="css-1t515v2"
        >
          <div
            class="css-11qvk8e"
          >
            <p
              class="chakra-text css-0"
            >
              Creating content
            </p>
            <p
              class="chakra-text css-0"
            >
              has never been more
            </p>
            <p
              class="chakra-text css-0"
            >
              rewarding
            </p>
          </div>
          <hr
            aria-orientation="horizontal"
            class="chakra-divider css-1wq58g"
          />
          <div
            class="css-zdqkti"
          >
            <p
              class="chakra-text css-zu9z13"
            >
              Sign up as a Creator on
            </p>
            <h2
              class="chakra-heading css-12mjkhx"
            >
              Chitti.
            </h2>
            
            <div
              class="chakra-form-control css-1gifr5s"
              role="group"
            >
              <label
                class="chakra-form__label css-b5d9cx"
                for="fullName"
                id="fullName-label"
              >
                Full Name
              </label>
              <input
                class="chakra-input css-1bp9x2g"
                data-testid="full-name"
                id="fullName"
                name="fullName"
                type="text"
                value=""
              />
            </div>
            <div
              class="chakra-form-control css-1gifr5s"
              role="group"
            >
              <label
                class="chakra-form__label css-b5d9cx"
                for="email"
                id="email-label"
              >
                Email address
              </label>
              <input
                class="chakra-input css-1bp9x2g"
                data-testid="email"
                id="email"
                name="emailId"
                type="email"
                value=""
              />
            </div>
            <div
              class="chakra-form-control css-1gifr5s"
              role="group"
            >
              <label
                class="chakra-form__label css-b5d9cx"
                for="password"
                id="password-label"
              >
                Password
              </label>
              <input
                class="chakra-input css-1bp9x2g"
                data-testid="password"
                id="password"
                name="password"
                type="password"
                value=""
              />
            </div>
            <div
              class="chakra-form-control css-r07iet"
              role="group"
            >
              <label
                class="chakra-form__label css-b5d9cx"
                for="confirmPassword"
                id="confirmPassword-label"
              >
                Confirm Password
              </label>
              <input
                class="chakra-input css-1bp9x2g"
                data-testid="confirm-password"
                id="confirmPassword"
                name="confirmPassword"
                type="password"
                value=""
              />
            </div>
            <button
              class="chakra-button css-1ccbrzu"
              data-testid="create-account"
              type="button"
            >
              Create Account
            </button>
          </div>
          <div
            class="css-1bnxh4l"
          >
            <hr
              aria-orientation="horizontal"
              class="chakra-divider css-cal9d6"
            />
            <p
              class="chakra-text css-h1djnr"
            >
              or
            </p>
            <hr
              aria-orientation="horizontal"
              class="chakra-divider css-cal9d6"
            />
          </div>
          <div
            class="css-u6v8er"
          >
            <p
              class="chakra-text css-2od7nb"
            >
              Have an account already?
            </p>
            <a
              class="chakra-link css-9rwuyw"
              href="/login"
            >
              <p
                class="chakra-text css-1xdtch0"
              >
                Login
              </p>
            </a>
          </div>
        </div>
      </div>
    </div>
  </body>,
  "container": <div>
    <div
      class="css-1wymqtv"
    >
      <div
        class="css-15fkesf"
      >
        <div
          class="css-405dd"
        >
          <p
            class="chakra-text css-0"
          >
            Creating content
          </p>
          <p
            class="chakra-text css-0"
          >
            has never been more
          </p>
          <p
            class="chakra-text css-0"
          >
            rewarding
          </p>
        </div>
      </div>
      <div
        class="css-1t515v2"
      >
        <div
          class="css-11qvk8e"
        >
          <p
            class="chakra-text css-0"
          >
            Creating content
          </p>
          <p
            class="chakra-text css-0"
          >
            has never been more
          </p>
          <p
            class="chakra-text css-0"
          >
            rewarding
          </p>
        </div>
        <hr
          aria-orientation="horizontal"
          class="chakra-divider css-1wq58g"
        />
        <div
          class="css-zdqkti"
        >
          <p
            class="chakra-text css-zu9z13"
          >
            Sign up as a Creator on
          </p>
          <h2
            class="chakra-heading css-12mjkhx"
          >
            Chitti.
          </h2>
          
          <div
            class="chakra-form-control css-1gifr5s"
            role="group"
          >
            <label
              class="chakra-form__label css-b5d9cx"
              for="fullName"
              id="fullName-label"
            >
              Full Name
            </label>
            <input
              class="chakra-input css-1bp9x2g"
              data-testid="full-name"
              id="fullName"
              name="fullName"
              type="text"
              value=""
            />
          </div>
          <div
            class="chakra-form-control css-1gifr5s"
            role="group"
          >
            <label
              class="chakra-form__label css-b5d9cx"
              for="email"
              id="email-label"
            >
              Email address
            </label>
            <input
              class="chakra-input css-1bp9x2g"
              data-testid="email"
              id="email"
              name="emailId"
              type="email"
              value=""
            />
          </div>
          <div
            class="chakra-form-control css-1gifr5s"
            role="group"
          >
            <label
              class="chakra-form__label css-b5d9cx"
              for="password"
              id="password-label"
            >
              Password
            </label>
            <input
              class="chakra-input css-1bp9x2g"
              data-testid="password"
              id="password"
              name="password"
              type="password"
              value=""
            />
          </div>
          <div
            class="chakra-form-control css-r07iet"
            role="group"
          >
            <label
              class="chakra-form__label css-b5d9cx"
              for="confirmPassword"
              id="confirmPassword-label"
            >
              Confirm Password
            </label>
            <input
              class="chakra-input css-1bp9x2g"
              data-testid="confirm-password"
              id="confirmPassword"
              name="confirmPassword"
              type="password"
              value=""
            />
          </div>
          <button
            class="chakra-button css-1ccbrzu"
            data-testid="create-account"
            type="button"
          >
            Create Account
          </button>
        </div>
        <div
          class="css-1bnxh4l"
        >
          <hr
            aria-orientation="horizontal"
            class="chakra-divider css-cal9d6"
          />
          <p
            class="chakra-text css-h1djnr"
          >
            or
          </p>
          <hr
            aria-orientation="horizontal"
            class="chakra-divider css-cal9d6"
          />
        </div>
        <div
          class="css-u6v8er"
        >
          <p
            class="chakra-text css-2od7nb"
          >
            Have an account already?
          </p>
          <a
            class="chakra-link css-9rwuyw"
            href="/login"
          >
            <p
              class="chakra-text css-1xdtch0"
            >
              Login
            </p>
          </a>
        </div>
      </div>
    </div>
  </div>,
  "debug": [Function],
  "findAllByAltText": [Function],
  "findAllByDisplayValue": [Function],
  "findAllByLabelText": [Function],
  "findAllByPlaceholderText": [Function],
  "findAllByRole": [Function],
  "findAllByTestId": [Function],
  "findAllByText": [Function],
  "findAllByTitle": [Function],
  "findByAltText": [Function],
  "findByDisplayValue": [Function],
  "findByLabelText": [Function],
  "findByPlaceholderText": [Function],
  "findByRole": [Function],
  "findByTestId": [Function],
  "findByText": [Function],
  "findByTitle": [Function],
  "getAllByAltText": [Function],
  "getAllByDisplayValue": [Function],
  "getAllByLabelText": [Function],
  "getAllByPlaceholderText": [Function],
  "getAllByRole": [Function],
  "getAllByTestId": [Function],
  "getAllByText": [Function],
  "getAllByTitle": [Function],
  "getByAltText": [Function],
  "getByDisplayValue": [Function],
  "getByLabelText": [Function],
  "getByPlaceholderText": [Function],
  "getByRole": [Function],
  "getByTestId": [Function],
  "getByText": [Function],
  "getByTitle": [Function],
  "queryAllByAltText": [Function],
  "queryAllByDisplayValue": [Function],
  "queryAllByLabelText": [Function],
  "queryAllByPlaceholderText": [Function],
  "queryAllByRole": [Function],
  "queryAllByTestId": [Function],
  "queryAllByText": [Function],
  "queryAllByTitle": [Function],
  "queryByAltText": [Function],
  "queryByDisplayValue": [Function],
  "queryByLabelText": [Function],
  "queryByPlaceholderText": [Function],
  "queryByRole": [Function],
  "queryByTestId": [Function],
  "queryByText": [Function],
  "queryByTitle": [Function],
  "rerender": [Function],
  "unmount": [Function],
}
`;
