// Jest Snapshot v1, https://goo.gl/fbAQLP

exports[`Test Subscriber initial render should match the snapshot 1`] = `
Object {
  "asFragment": [Function],
  "baseElement": <body>
    <div
      id="chakra-toast-portal"
    >
      <ul
        id="chakra-toast-manager-top"
        style="position: fixed; z-index: 5500; pointer-events: none; display: flex; flex-direction: column; margin: 0px auto;"
      />
      <ul
        id="chakra-toast-manager-top-left"
        style="position: fixed; z-index: 5500; pointer-events: none; display: flex; flex-direction: column;"
      />
      <ul
        id="chakra-toast-manager-top-right"
        style="position: fixed; z-index: 5500; pointer-events: none; display: flex; flex-direction: column;"
      />
      <ul
        id="chakra-toast-manager-bottom-left"
        style="position: fixed; z-index: 5500; pointer-events: none; display: flex; flex-direction: column;"
      />
      <ul
        id="chakra-toast-manager-bottom"
        style="position: fixed; z-index: 5500; pointer-events: none; display: flex; flex-direction: column; margin: 0px auto;"
      />
      <ul
        id="chakra-toast-manager-bottom-right"
        style="position: fixed; z-index: 5500; pointer-events: none; display: flex; flex-direction: column;"
      />
    </div>
    <div>
      <div
        class="css-h53f3m"
      >
        <div
          class="css-13d8atv"
        >
          <table
            class="chakra-table css-0"
            role="table"
          >
            <thead
              class="css-0"
            >
              <tr
                class="css-0"
                role="row"
              >
                <th
                  class="css-mvn64f"
                  colspan="1"
                  role="columnheader"
                  style="cursor: pointer;"
                  title="Toggle SortBy"
                >
                  <div
                    class="css-u4p24i"
                  >
                    <p
                      class="chakra-text css-0"
                    >
                      Name
                    </p>
                    <span
                      class="css-rkk3mp"
                    />
                  </div>
                </th>
                <th
                  class="css-mvn64f"
                  colspan="1"
                  role="columnheader"
                  style="cursor: pointer;"
                  title="Toggle SortBy"
                >
                  <div
                    class="css-u4p24i"
                  >
                    <p
                      class="chakra-text css-0"
                    >
                      Email
                    </p>
                    <span
                      class="css-rkk3mp"
                    />
                  </div>
                </th>
                <th
                  class="css-mvn64f"
                  colspan="1"
                  role="columnheader"
                  style="cursor: pointer;"
                  title="Toggle SortBy"
                >
                  <div
                    class="css-u4p24i"
                  >
                    <p
                      class="chakra-text css-0"
                    >
                      Subscription Type
                    </p>
                    <span
                      class="css-rkk3mp"
                    />
                  </div>
                </th>
              </tr>
            </thead>
            <tbody
              class="css-0"
              role="rowgroup"
            >
              <tr
                class="css-0"
                role="row"
              >
                <td
                  class="css-j251j9"
                  role="cell"
                >
                  Ms. Sara Andersen
                </td>
                <td
                  class="css-j251j9"
                  role="cell"
                >
                  sara.andersen@example.com
                </td>
                <td
                  class="css-j251j9"
                  role="cell"
                >
                  Free
                </td>
              </tr>
              <tr
                class="css-0"
                role="row"
              >
                <td
                  class="css-j251j9"
                  role="cell"
                >
                  Miss. Edita Vestering
                </td>
                <td
                  class="css-j251j9"
                  role="cell"
                >
                  edita.vestering@example.com
                </td>
                <td
                  class="css-j251j9"
                  role="cell"
                >
                  Free
                </td>
              </tr>
              <tr
                class="css-0"
                role="row"
              >
                <td
                  class="css-j251j9"
                  role="cell"
                >
                  Mr. Roberto Vega
                </td>
                <td
                  class="css-j251j9"
                  role="cell"
                >
                  roberto.vega@example.com
                </td>
                <td
                  class="css-j251j9"
                  role="cell"
                >
                  Paid
                </td>
              </tr>
              <tr
                class="css-0"
                role="row"
              >
                <td
                  class="css-j251j9"
                  role="cell"
                >
                  Mr. Rudi Droste
                </td>
                <td
                  class="css-j251j9"
                  role="cell"
                >
                  rudi.droste@example.com
                </td>
                <td
                  class="css-j251j9"
                  role="cell"
                >
                  Free
                </td>
              </tr>
              <tr
                class="css-0"
                role="row"
              >
                <td
                  class="css-j251j9"
                  role="cell"
                >
                  Mrs. Carolina Lima
                </td>
                <td
                  class="css-j251j9"
                  role="cell"
                >
                  carolina.lima@example.com
                </td>
                <td
                  class="css-j251j9"
                  role="cell"
                >
                  Paid
                </td>
              </tr>
              <tr
                class="css-0"
                role="row"
              >
                <td
                  class="css-j251j9"
                  role="cell"
                >
                  Mr. Emre Asikoglu
                </td>
                <td
                  class="css-j251j9"
                  role="cell"
                >
                  emre.asikoglu@example.com
                </td>
                <td
                  class="css-j251j9"
                  role="cell"
                >
                  Free
                </td>
              </tr>
              <tr
                class="css-0"
                role="row"
              >
                <td
                  class="css-j251j9"
                  role="cell"
                >
                  Mr. Kent Brewer
                </td>
                <td
                  class="css-j251j9"
                  role="cell"
                >
                  kent.brewer@example.com
                </td>
                <td
                  class="css-j251j9"
                  role="cell"
                >
                  Free
                </td>
              </tr>
              <tr
                class="css-0"
                role="row"
              >
                <td
                  class="css-j251j9"
                  role="cell"
                >
                  Mr. Evan Carlson
                </td>
                <td
                  class="css-j251j9"
                  role="cell"
                >
                  evan.carlson@example.com
                </td>
                <td
                  class="css-j251j9"
                  role="cell"
                >
                  Free
                </td>
              </tr>
              <tr
                class="css-0"
                role="row"
              >
                <td
                  class="css-j251j9"
                  role="cell"
                >
                  Mr. Friedrich-Karl Brand
                </td>
                <td
                  class="css-j251j9"
                  role="cell"
                >
                  friedrich-karl.brand@example.com
                </td>
                <td
                  class="css-j251j9"
                  role="cell"
                >
                  Paid
                </td>
              </tr>
              <tr
                class="css-0"
                role="row"
              >
                <td
                  class="css-j251j9"
                  role="cell"
                >
                  Mr. Valentin Ortega
                </td>
                <td
                  class="css-j251j9"
                  role="cell"
                >
                  valentin.ortega@example.com
                </td>
                <td
                  class="css-j251j9"
                  role="cell"
                >
                  Free
                </td>
              </tr>
            </tbody>
          </table>
          <div
            class="css-3mgjd9"
          >
            <button
              class="chakra-button css-1y29bcw"
              data-testid="prev-btn"
              disabled=""
              type="button"
            >
              &lt; Previous
            </button>
            <p
              class="chakra-text css-0"
            >
              Page 
              1
               of 
              5
            </p>
            <button
              class="chakra-button css-1y29bcw"
              data-testid="next-btn"
              type="button"
            >
              Next &gt;
            </button>
          </div>
        </div>
      </div>
    </div>
  </body>,
  "container": <div>
    <div
      class="css-h53f3m"
    >
      <div
        class="css-13d8atv"
      >
        <table
          class="chakra-table css-0"
          role="table"
        >
          <thead
            class="css-0"
          >
            <tr
              class="css-0"
              role="row"
            >
              <th
                class="css-mvn64f"
                colspan="1"
                role="columnheader"
                style="cursor: pointer;"
                title="Toggle SortBy"
              >
                <div
                  class="css-u4p24i"
                >
                  <p
                    class="chakra-text css-0"
                  >
                    Name
                  </p>
                  <span
                    class="css-rkk3mp"
                  />
                </div>
              </th>
              <th
                class="css-mvn64f"
                colspan="1"
                role="columnheader"
                style="cursor: pointer;"
                title="Toggle SortBy"
              >
                <div
                  class="css-u4p24i"
                >
                  <p
                    class="chakra-text css-0"
                  >
                    Email
                  </p>
                  <span
                    class="css-rkk3mp"
                  />
                </div>
              </th>
              <th
                class="css-mvn64f"
                colspan="1"
                role="columnheader"
                style="cursor: pointer;"
                title="Toggle SortBy"
              >
                <div
                  class="css-u4p24i"
                >
                  <p
                    class="chakra-text css-0"
                  >
                    Subscription Type
                  </p>
                  <span
                    class="css-rkk3mp"
                  />
                </div>
              </th>
            </tr>
          </thead>
          <tbody
            class="css-0"
            role="rowgroup"
          >
            <tr
              class="css-0"
              role="row"
            >
              <td
                class="css-j251j9"
                role="cell"
              >
                Ms. Sara Andersen
              </td>
              <td
                class="css-j251j9"
                role="cell"
              >
                sara.andersen@example.com
              </td>
              <td
                class="css-j251j9"
                role="cell"
              >
                Free
              </td>
            </tr>
            <tr
              class="css-0"
              role="row"
            >
              <td
                class="css-j251j9"
                role="cell"
              >
                Miss. Edita Vestering
              </td>
              <td
                class="css-j251j9"
                role="cell"
              >
                edita.vestering@example.com
              </td>
              <td
                class="css-j251j9"
                role="cell"
              >
                Free
              </td>
            </tr>
            <tr
              class="css-0"
              role="row"
            >
              <td
                class="css-j251j9"
                role="cell"
              >
                Mr. Roberto Vega
              </td>
              <td
                class="css-j251j9"
                role="cell"
              >
                roberto.vega@example.com
              </td>
              <td
                class="css-j251j9"
                role="cell"
              >
                Paid
              </td>
            </tr>
            <tr
              class="css-0"
              role="row"
            >
              <td
                class="css-j251j9"
                role="cell"
              >
                Mr. Rudi Droste
              </td>
              <td
                class="css-j251j9"
                role="cell"
              >
                rudi.droste@example.com
              </td>
              <td
                class="css-j251j9"
                role="cell"
              >
                Free
              </td>
            </tr>
            <tr
              class="css-0"
              role="row"
            >
              <td
                class="css-j251j9"
                role="cell"
              >
                Mrs. Carolina Lima
              </td>
              <td
                class="css-j251j9"
                role="cell"
              >
                carolina.lima@example.com
              </td>
              <td
                class="css-j251j9"
                role="cell"
              >
                Paid
              </td>
            </tr>
            <tr
              class="css-0"
              role="row"
            >
              <td
                class="css-j251j9"
                role="cell"
              >
                Mr. Emre Asikoglu
              </td>
              <td
                class="css-j251j9"
                role="cell"
              >
                emre.asikoglu@example.com
              </td>
              <td
                class="css-j251j9"
                role="cell"
              >
                Free
              </td>
            </tr>
            <tr
              class="css-0"
              role="row"
            >
              <td
                class="css-j251j9"
                role="cell"
              >
                Mr. Kent Brewer
              </td>
              <td
                class="css-j251j9"
                role="cell"
              >
                kent.brewer@example.com
              </td>
              <td
                class="css-j251j9"
                role="cell"
              >
                Free
              </td>
            </tr>
            <tr
              class="css-0"
              role="row"
            >
              <td
                class="css-j251j9"
                role="cell"
              >
                Mr. Evan Carlson
              </td>
              <td
                class="css-j251j9"
                role="cell"
              >
                evan.carlson@example.com
              </td>
              <td
                class="css-j251j9"
                role="cell"
              >
                Free
              </td>
            </tr>
            <tr
              class="css-0"
              role="row"
            >
              <td
                class="css-j251j9"
                role="cell"
              >
                Mr. Friedrich-Karl Brand
              </td>
              <td
                class="css-j251j9"
                role="cell"
              >
                friedrich-karl.brand@example.com
              </td>
              <td
                class="css-j251j9"
                role="cell"
              >
                Paid
              </td>
            </tr>
            <tr
              class="css-0"
              role="row"
            >
              <td
                class="css-j251j9"
                role="cell"
              >
                Mr. Valentin Ortega
              </td>
              <td
                class="css-j251j9"
                role="cell"
              >
                valentin.ortega@example.com
              </td>
              <td
                class="css-j251j9"
                role="cell"
              >
                Free
              </td>
            </tr>
          </tbody>
        </table>
        <div
          class="css-3mgjd9"
        >
          <button
            class="chakra-button css-1y29bcw"
            data-testid="prev-btn"
            disabled=""
            type="button"
          >
            &lt; Previous
          </button>
          <p
            class="chakra-text css-0"
          >
            Page 
            1
             of 
            5
          </p>
          <button
            class="chakra-button css-1y29bcw"
            data-testid="next-btn"
            type="button"
          >
            Next &gt;
          </button>
        </div>
      </div>
    </div>
  </div>,
  "debug": [Function],
  "findAllByAltText": [Function],
  "findAllByDisplayValue": [Function],
  "findAllByLabelText": [Function],
  "findAllByPlaceholderText": [Function],
  "findAllByRole": [Function],
  "findAllByTestId": [Function],
  "findAllByText": [Function],
  "findAllByTitle": [Function],
  "findByAltText": [Function],
  "findByDisplayValue": [Function],
  "findByLabelText": [Function],
  "findByPlaceholderText": [Function],
  "findByRole": [Function],
  "findByTestId": [Function],
  "findByText": [Function],
  "findByTitle": [Function],
  "getAllByAltText": [Function],
  "getAllByDisplayValue": [Function],
  "getAllByLabelText": [Function],
  "getAllByPlaceholderText": [Function],
  "getAllByRole": [Function],
  "getAllByTestId": [Function],
  "getAllByText": [Function],
  "getAllByTitle": [Function],
  "getByAltText": [Function],
  "getByDisplayValue": [Function],
  "getByLabelText": [Function],
  "getByPlaceholderText": [Function],
  "getByRole": [Function],
  "getByTestId": [Function],
  "getByText": [Function],
  "getByTitle": [Function],
  "queryAllByAltText": [Function],
  "queryAllByDisplayValue": [Function],
  "queryAllByLabelText": [Function],
  "queryAllByPlaceholderText": [Function],
  "queryAllByRole": [Function],
  "queryAllByTestId": [Function],
  "queryAllByText": [Function],
  "queryAllByTitle": [Function],
  "queryByAltText": [Function],
  "queryByDisplayValue": [Function],
  "queryByLabelText": [Function],
  "queryByPlaceholderText": [Function],
  "queryByRole": [Function],
  "queryByTestId": [Function],
  "queryByText": [Function],
  "queryByTitle": [Function],
  "rerender": [Function],
  "unmount": [Function],
}
`;
