// Jest Snapshot v1, https://goo.gl/fbAQLP

exports[`Alert initial render should match the snapshot 1`] = `
Object {
  "asFragment": [Function],
  "baseElement": <body>
    <div
      id="chakra-toast-portal"
    >
      <ul
        id="chakra-toast-manager-top"
        style="position: fixed; z-index: 5500; pointer-events: none; display: flex; flex-direction: column; margin: 0px auto;"
      />
      <ul
        id="chakra-toast-manager-top-left"
        style="position: fixed; z-index: 5500; pointer-events: none; display: flex; flex-direction: column;"
      />
      <ul
        id="chakra-toast-manager-top-right"
        style="position: fixed; z-index: 5500; pointer-events: none; display: flex; flex-direction: column;"
      />
      <ul
        id="chakra-toast-manager-bottom-left"
        style="position: fixed; z-index: 5500; pointer-events: none; display: flex; flex-direction: column;"
      />
      <ul
        id="chakra-toast-manager-bottom"
        style="position: fixed; z-index: 5500; pointer-events: none; display: flex; flex-direction: column; margin: 0px auto;"
      />
      <ul
        id="chakra-toast-manager-bottom-right"
        style="position: fixed; z-index: 5500; pointer-events: none; display: flex; flex-direction: column;"
      />
    </div>
    <div>
      <table
        class="chakra-table css-0"
        role="table"
      >
        <thead
          class="css-0"
        >
          <tr
            class="css-0"
            role="row"
          >
            <th
              class="css-mvn64f"
              colspan="1"
              role="columnheader"
              style="cursor: pointer;"
              title="Toggle SortBy"
            >
              <div
                class="css-u4p24i"
              >
                <p
                  class="chakra-text css-0"
                >
                  Email
                </p>
                <span
                  class="css-rkk3mp"
                />
              </div>
            </th>
            <th
              class="css-mvn64f"
              colspan="1"
              role="columnheader"
              style="cursor: pointer;"
              title="Toggle SortBy"
            >
              <div
                class="css-u4p24i"
              >
                <p
                  class="chakra-text css-0"
                >
                  Subscription Type
                </p>
                <span
                  class="css-rkk3mp"
                />
              </div>
            </th>
          </tr>
        </thead>
        <tbody
          class="css-0"
          role="rowgroup"
        >
          <tr
            class="css-0"
            role="row"
          >
            <td
              class="css-j251j9"
              role="cell"
            >
              sara.andersen@example.com
            </td>
            <td
              class="css-j251j9"
              role="cell"
            >
              Free
            </td>
          </tr>
          <tr
            class="css-0"
            role="row"
          >
            <td
              class="css-j251j9"
              role="cell"
            >
              edita.vestering@example.com
            </td>
            <td
              class="css-j251j9"
              role="cell"
            >
              Free
            </td>
          </tr>
          <tr
            class="css-0"
            role="row"
          >
            <td
              class="css-j251j9"
              role="cell"
            >
              roberto.vega@example.com
            </td>
            <td
              class="css-j251j9"
              role="cell"
            >
              Paid
            </td>
          </tr>
          <tr
            class="css-0"
            role="row"
          >
            <td
              class="css-j251j9"
              role="cell"
            >
              rudi.droste@example.com
            </td>
            <td
              class="css-j251j9"
              role="cell"
            >
              Free
            </td>
          </tr>
          <tr
            class="css-0"
            role="row"
          >
            <td
              class="css-j251j9"
              role="cell"
            >
              carolina.lima@example.com
            </td>
            <td
              class="css-j251j9"
              role="cell"
            >
              Paid
            </td>
          </tr>
          <tr
            class="css-0"
            role="row"
          >
            <td
              class="css-j251j9"
              role="cell"
            >
              emre.asikoglu@example.com
            </td>
            <td
              class="css-j251j9"
              role="cell"
            >
              Free
            </td>
          </tr>
          <tr
            class="css-0"
            role="row"
          >
            <td
              class="css-j251j9"
              role="cell"
            >
              kent.brewer@example.com
            </td>
            <td
              class="css-j251j9"
              role="cell"
            >
              Free
            </td>
          </tr>
          <tr
            class="css-0"
            role="row"
          >
            <td
              class="css-j251j9"
              role="cell"
            >
              evan.carlson@example.com
            </td>
            <td
              class="css-j251j9"
              role="cell"
            >
              Free
            </td>
          </tr>
          <tr
            class="css-0"
            role="row"
          >
            <td
              class="css-j251j9"
              role="cell"
            >
              friedrich-karl.brand@example.com
            </td>
            <td
              class="css-j251j9"
              role="cell"
            >
              Paid
            </td>
          </tr>
          <tr
            class="css-0"
            role="row"
          >
            <td
              class="css-j251j9"
              role="cell"
            >
              valentin.ortega@example.com
            </td>
            <td
              class="css-j251j9"
              role="cell"
            >
              Free
            </td>
          </tr>
        </tbody>
      </table>
    </div>
  </body>,
  "container": <div>
    <table
      class="chakra-table css-0"
      role="table"
    >
      <thead
        class="css-0"
      >
        <tr
          class="css-0"
          role="row"
        >
          <th
            class="css-mvn64f"
            colspan="1"
            role="columnheader"
            style="cursor: pointer;"
            title="Toggle SortBy"
          >
            <div
              class="css-u4p24i"
            >
              <p
                class="chakra-text css-0"
              >
                Email
              </p>
              <span
                class="css-rkk3mp"
              />
            </div>
          </th>
          <th
            class="css-mvn64f"
            colspan="1"
            role="columnheader"
            style="cursor: pointer;"
            title="Toggle SortBy"
          >
            <div
              class="css-u4p24i"
            >
              <p
                class="chakra-text css-0"
              >
                Subscription Type
              </p>
              <span
                class="css-rkk3mp"
              />
            </div>
          </th>
        </tr>
      </thead>
      <tbody
        class="css-0"
        role="rowgroup"
      >
        <tr
          class="css-0"
          role="row"
        >
          <td
            class="css-j251j9"
            role="cell"
          >
            sara.andersen@example.com
          </td>
          <td
            class="css-j251j9"
            role="cell"
          >
            Free
          </td>
        </tr>
        <tr
          class="css-0"
          role="row"
        >
          <td
            class="css-j251j9"
            role="cell"
          >
            edita.vestering@example.com
          </td>
          <td
            class="css-j251j9"
            role="cell"
          >
            Free
          </td>
        </tr>
        <tr
          class="css-0"
          role="row"
        >
          <td
            class="css-j251j9"
            role="cell"
          >
            roberto.vega@example.com
          </td>
          <td
            class="css-j251j9"
            role="cell"
          >
            Paid
          </td>
        </tr>
        <tr
          class="css-0"
          role="row"
        >
          <td
            class="css-j251j9"
            role="cell"
          >
            rudi.droste@example.com
          </td>
          <td
            class="css-j251j9"
            role="cell"
          >
            Free
          </td>
        </tr>
        <tr
          class="css-0"
          role="row"
        >
          <td
            class="css-j251j9"
            role="cell"
          >
            carolina.lima@example.com
          </td>
          <td
            class="css-j251j9"
            role="cell"
          >
            Paid
          </td>
        </tr>
        <tr
          class="css-0"
          role="row"
        >
          <td
            class="css-j251j9"
            role="cell"
          >
            emre.asikoglu@example.com
          </td>
          <td
            class="css-j251j9"
            role="cell"
          >
            Free
          </td>
        </tr>
        <tr
          class="css-0"
          role="row"
        >
          <td
            class="css-j251j9"
            role="cell"
          >
            kent.brewer@example.com
          </td>
          <td
            class="css-j251j9"
            role="cell"
          >
            Free
          </td>
        </tr>
        <tr
          class="css-0"
          role="row"
        >
          <td
            class="css-j251j9"
            role="cell"
          >
            evan.carlson@example.com
          </td>
          <td
            class="css-j251j9"
            role="cell"
          >
            Free
          </td>
        </tr>
        <tr
          class="css-0"
          role="row"
        >
          <td
            class="css-j251j9"
            role="cell"
          >
            friedrich-karl.brand@example.com
          </td>
          <td
            class="css-j251j9"
            role="cell"
          >
            Paid
          </td>
        </tr>
        <tr
          class="css-0"
          role="row"
        >
          <td
            class="css-j251j9"
            role="cell"
          >
            valentin.ortega@example.com
          </td>
          <td
            class="css-j251j9"
            role="cell"
          >
            Free
          </td>
        </tr>
      </tbody>
    </table>
  </div>,
  "debug": [Function],
  "findAllByAltText": [Function],
  "findAllByDisplayValue": [Function],
  "findAllByLabelText": [Function],
  "findAllByPlaceholderText": [Function],
  "findAllByRole": [Function],
  "findAllByTestId": [Function],
  "findAllByText": [Function],
  "findAllByTitle": [Function],
  "findByAltText": [Function],
  "findByDisplayValue": [Function],
  "findByLabelText": [Function],
  "findByPlaceholderText": [Function],
  "findByRole": [Function],
  "findByTestId": [Function],
  "findByText": [Function],
  "findByTitle": [Function],
  "getAllByAltText": [Function],
  "getAllByDisplayValue": [Function],
  "getAllByLabelText": [Function],
  "getAllByPlaceholderText": [Function],
  "getAllByRole": [Function],
  "getAllByTestId": [Function],
  "getAllByText": [Function],
  "getAllByTitle": [Function],
  "getByAltText": [Function],
  "getByDisplayValue": [Function],
  "getByLabelText": [Function],
  "getByPlaceholderText": [Function],
  "getByRole": [Function],
  "getByTestId": [Function],
  "getByText": [Function],
  "getByTitle": [Function],
  "queryAllByAltText": [Function],
  "queryAllByDisplayValue": [Function],
  "queryAllByLabelText": [Function],
  "queryAllByPlaceholderText": [Function],
  "queryAllByRole": [Function],
  "queryAllByTestId": [Function],
  "queryAllByText": [Function],
  "queryAllByTitle": [Function],
  "queryByAltText": [Function],
  "queryByDisplayValue": [Function],
  "queryByLabelText": [Function],
  "queryByPlaceholderText": [Function],
  "queryByRole": [Function],
  "queryByTestId": [Function],
  "queryByText": [Function],
  "queryByTitle": [Function],
  "rerender": [Function],
  "unmount": [Function],
}
`;
